[dgdr-festival] rendered 203 chars CHANGED
[blog-gotaekmusicfesta-224426168539] rendered 2683 chars CHANGED
[ysfesta-main] rendered 152 chars CHANGED
[khs-main] rendered 1717 chars same
[khs-eventinfo] rendered 1605 chars CHANGED
[daejeon-its-board] rendered 3574 chars CHANGED
[zeropay-events] rendered 529 chars CHANGED
[chuncheon-festival-news] rendered 866 chars CHANGED
[chuncheon-festival-news-459539] rendered 800 chars CHANGED
[galleria-timeworld-culture] RENDER ERROR TimeoutError: Page.goto: Timeout 25000ms exceeded.
Call log:
  - navigating to "https://dept.galleria.co.kr/g-culture/culture-center/branch/timeworld/open-lecture", waiting until "domcontentloaded"

[chuncheon-festival-news-464131] RENDER ERROR Error: Page.goto: net::ERR_CONNECTION_CLOSED at https://www.chuncheon.go.kr/happiness/festival-news/?bbsId=BBSMSTR_000000000295&nttId=464131&flag=view
Call log:
  - navigating to "https://www.chuncheon.go.kr/happiness/festival-news/?bbsId=BBSMSTR_000000000295&nttId=464131&flag=view", waiting until "
[science-edu-reservation] rendered 2107 chars CHANGED
[sejong-notice] rendered 2307 chars CHANGED
[bok-commemorative-coin-news] rendered 718 chars CHANGED
[daejeon-cafe-100papa-40250] rendered 5661 chars CHANGED
[sejong-notice-hangeulday-book] rendered 1168 chars CHANGED
[nol-notice-10111] rendered 17353 chars CHANGED
[naver-entertain-018-0006379428] rendered 44933 chars CHANGED
[melon-artist-songsohee] rendered 2082 chars CHANGED
[interpark-artist-leejuck] rendered 10105 chars CHANGED
[yctf-show] rendered 502 chars CHANGED
[sejong-notice-science-concert] rendered 1015 chars CHANGED
[sejong-notice-science-jiphyeonjeon] rendered 1172 chars CHANGED
[sejong-notice-hangeul-firefly] rendered 1494 chars CHANGED
[yangyang-cafe-balloon-15331-m] rendered 31486 chars CHANGED
[andong-halftour] rendered 2486 chars CHANGED
[kfe-main] rendered 6111 chars CHANGED
[blog-tjrudska82-224434527430] rendered 4497 chars CHANGED
[blog-dooglami-224434696671] rendered 5051 chars CHANGED
[dsecc-programs-p2] rendered 1949 chars CHANGED
[dsecc-programs-p3] rendered 1949 chars CHANGED
[mommom-place-6a868bff] rendered 95 chars CHANGED
[mommom-place-6a2b946b] rendered 95 chars CHANGED
[mommom-place-6a2b94f5] rendered 95 chars CHANGED
[mommom-place-6a2b9455] rendered 95 chars CHANGED
[nol-product-phantom-40th] rendered 4785 chars CHANGED
[daejeontour-bread-festival] rendered 4924 chars CHANGED
[visitisland-main] rendered 1010 chars CHANGED
[daejeon-okr-edu-8100] rendered 1626 chars same
[yes24-genre-children] rendered 196 chars CHANGED
[pyoungsong-event-feed] rendered 34079 chars same
[pyoungsong-monthly] rendered 634 chars same
[pyoungsong-wp-event-api] rendered 208 chars same
[pyoungsong-tribe-events-api] rendered 149537 chars same
[pyoungsong-event-list] rendered 293 chars same
[docomomokorea-main] rendered 293 chars same
[mcst-culture-71983] rendered 1180 chars CHANGED
[aircanada-korea] rendered 22818 chars CHANGED
[aircanada-kr-so-hub] rendered 2870 chars CHANGED
